
Information: Checking generated_clocks...

Information: Checking loops...

Information: Checking no_input_delay...
Warning: The following input ports have no clock_relative delay specified, the command set_input_delay without -clock option will be ignored. (TIM-216)
--------------------
RST_N
EN_maxStore
putMemVal_ma_d[30]
putMemVal_ma_d[29]
putMemVal_ma_d[28]
putMemVal_ma_d[27]
putMemVal_ma_d[26]
putMemVal_ma_d[25]
putMemVal_ma_d[24]
putMemVal_ma_d[23]
putMemVal_ma_d[22]
putMemVal_ma_d[21]
putMemVal_ma_d[20]
putMemVal_ma_d[19]
putMemVal_ma_d[18]
putMemVal_ma_d[17]
putMemVal_ma_d[16]
putMemVal_ma_d[15]
putMemVal_ma_d[14]
putMemVal_ma_d[13]
putMemVal_ma_d[12]
putMemVal_ma_d[11]
putMemVal_ma_d[10]
putMemVal_ma_d[9]
putMemVal_ma_d[8]
putMemVal_ma_d[7]
putMemVal_ma_d[6]
putMemVal_ma_d[5]
putMemVal_ma_d[4]
putMemVal_ma_d[3]
putMemVal_ma_d[2]
putMemVal_ma_d[1]
putMemVal_ma_d[0]
putMemVal_ma_d1[30]
putMemVal_ma_d1[29]
putMemVal_ma_d1[28]
putMemVal_ma_d1[27]
putMemVal_ma_d1[26]
putMemVal_ma_d1[25]
putMemVal_ma_d1[24]
putMemVal_ma_d1[23]
putMemVal_ma_d1[22]
putMemVal_ma_d1[21]
putMemVal_ma_d1[20]
putMemVal_ma_d1[19]
putMemVal_ma_d1[18]
putMemVal_ma_d1[17]
putMemVal_ma_d1[16]
putMemVal_ma_d1[15]
putMemVal_ma_d1[14]
putMemVal_ma_d1[13]
putMemVal_ma_d1[12]
putMemVal_ma_d1[11]
putMemVal_ma_d1[10]
putMemVal_ma_d1[9]
putMemVal_ma_d1[8]
putMemVal_ma_d1[7]
putMemVal_ma_d1[6]
putMemVal_ma_d1[5]
putMemVal_ma_d1[4]
putMemVal_ma_d1[3]
putMemVal_ma_d1[2]
putMemVal_ma_d1[1]
putMemVal_ma_d1[0]
EN_putMemVal_ma
putInpVal_ma_in[8]
putInpVal_ma_in[7]
putInpVal_ma_in[6]
putInpVal_ma_in[5]
putInpVal_ma_in[4]
putInpVal_ma_in[3]
putInpVal_ma_in[2]
putInpVal_ma_in[1]
putInpVal_ma_in[0]
EN_putInpVal_ma
EN_traceWrite_mav
EN_getBackTrack_mv
putBackTrack_ma_storedVal[4]
putBackTrack_ma_storedVal[3]
putBackTrack_ma_storedVal[2]
putBackTrack_ma_storedVal[1]
putBackTrack_ma_storedVal[0]
EN_putBackTrack_ma
EN_outputPrint_mav
putInitial_ma_n[4]
putInitial_ma_n[3]
putInitial_ma_n[2]
putInitial_ma_n[1]
putInitial_ma_n[0]
EN_putInitial_ma
EN_outputPrint0_mav

Information: Checking unconstrained_endpoints...

Warning: The following end-points are not constrained for maximum delay.

End point
---------------
RDY_getBackTrack_mv
RDY_getMemAddr_mv
RDY_maxStore
RDY_outputPrint0_mav
RDY_outputPrint_mav
RDY_putInitial_ma
RDY_putInpVal_ma
RDY_putMemVal_ma
RDY_traceWrite_mav
clk_gate_numStates_reg/latch/D
getBackTrack_mv[0]
getBackTrack_mv[1]
getBackTrack_mv[2]
getBackTrack_mv[3]
getBackTrack_mv[4]
getBackTrack_mv[5]
getBackTrack_mv[6]
getBackTrack_mv[7]
getBackTrack_mv[8]
getBackTrack_mv[9]
getBackTrack_mv[10]
getBackTrack_mv[11]
getBackTrack_mv[12]
getBackTrack_mv[13]
getBackTrack_mv[14]
getMemAddr_mv[0]
getMemAddr_mv[1]
getMemAddr_mv[2]
getMemAddr_mv[3]
getMemAddr_mv[4]
getMemAddr_mv[5]
getMemAddr_mv[6]
getMemAddr_mv[7]
getMemAddr_mv[8]
getMemAddr_mv[9]
getMemAddr_mv[10]
getMemAddr_mv[11]
getMemAddr_mv[12]
getMemAddr_mv[13]
getMemAddr_mv[14]
getMemAddr_mv[15]
getMemAddr_mv[16]
getMemAddr_mv[17]
getMemAddr_mv[18]
getMemAddr_mv[19]
getMemAddr_mv[20]
getMemAddr_mv[21]
getMemAddr_mv[22]
inp_F/data1_reg_reg_0_/D
inp_F/data1_reg_reg_1_/D
inp_F/data1_reg_reg_2_/D
inp_F/data1_reg_reg_3_/D
inp_F/data1_reg_reg_4_/D
inp_F/data1_reg_reg_5_/D
inp_F/data1_reg_reg_6_/D
inp_F/data1_reg_reg_7_/D
inp_F/data1_reg_reg_8_/D
maxStore[0]
maxStore[1]
maxStore[2]
maxStore[3]
maxStore[4]
maxStore[5]
maxStore[6]
maxStore[7]
maxStore[8]
maxStore[9]
maxStore[10]
maxStore[11]
maxStore[12]
maxStore[13]
maxStore[14]
maxStore[15]
maxStore[16]
maxStore[17]
maxStore[18]
maxStore[19]
maxStore[20]
maxStore[21]
maxStore[22]
maxStore[23]
maxStore[24]
maxStore[25]
maxStore[26]
maxStore[27]
maxStore[28]
maxStore[29]
maxStore[30]
maxStore[31]
maxStore[32]
maxStore[33]
maxStore[34]
maxStore[35]
maxStore[36]
maxStore[37]
numStates_reg_0_/D
numStates_reg_1_/D
numStates_reg_2_/D
numStates_reg_3_/D
numStates_reg_4_/D
outputPrint_mav[0]
outputPrint_mav[1]
outputPrint_mav[2]
outputPrint_mav[3]
outputPrint_mav[4]
outputPrint_mav[5]
outputPrint_mav[6]
outputPrint_mav[7]
outputPrint_mav[8]
outputPrint_mav[9]
outputPrint_mav[10]
outputPrint_mav[11]
outputPrint_mav[12]
outputPrint_mav[13]
outputPrint_mav[14]
outputPrint_mav[15]
outputPrint_mav[16]
outputPrint_mav[17]
outputPrint_mav[18]
outputPrint_mav[19]
outputPrint_mav[20]
outputPrint_mav[21]
outputPrint_mav[22]
outputPrint_mav[23]
outputPrint_mav[24]
outputPrint_mav[25]
outputPrint_mav[26]
outputPrint_mav[27]
outputPrint_mav[28]
outputPrint_mav[29]
outputPrint_mav[30]
outputPrint_mav[31]
traceWrite_mav[0]
traceWrite_mav[1]
traceWrite_mav[2]
traceWrite_mav[3]
traceWrite_mav[4]
traceWrite_mav[5]
traceWrite_mav[6]
traceWrite_mav[7]
traceWrite_mav[8]
traceWrite_mav[9]
traceWrite_mav[10]
traceWrite_mav[11]
traceWrite_mav[12]
traceWrite_mav[13]
traceWrite_mav[14]
traceWrite_mav[15]
traceWrite_mav[16]
traceWrite_mav[17]
traceWrite_mav[18]
traceWrite_mav[19]

Information: Checking pulse_clock_cell_type...

Information: Checking no_driving_cell...

Information: Checking partial_input_delay...
1
