 
****************************************
check_design summary:
Version:     U-2022.12
Date:        Tue Nov 11 11:59:56 2025
****************************************

                   Name                                            Total
--------------------------------------------------------------------------------
Inputs/Outputs                                                    178
    Unconnected ports (LINT-28)                                    94
    Shorted outputs (LINT-31)                                      46
    Constant outputs (LINT-52)                                     38

Cells                                                              11
    Connected to power or ground (LINT-32)                         10
    Nets connected to multiple pins on same cell (LINT-33)          1

Nets                                                                1
    Unloaded nets (LINT-2)                                          1
--------------------------------------------------------------------------------

Warning: In design 'mkdut', net 'SYNOPSYS_UNCONNECTED_1' driven by pin 'preAdd_F/D_OUT[32]' has no loads. (LINT-2)
Warning: In design 'mkdut', port 'putMemVal_ma_d1[31]' is not connected to any nets. (LINT-28)
Warning: In design 'mkdut', port 'putInpVal_ma_in[31]' is not connected to any nets. (LINT-28)
Warning: In design 'mkdut', port 'putInpVal_ma_in[30]' is not connected to any nets. (LINT-28)
Warning: In design 'mkdut', port 'putInpVal_ma_in[29]' is not connected to any nets. (LINT-28)
Warning: In design 'mkdut', port 'putInpVal_ma_in[28]' is not connected to any nets. (LINT-28)
Warning: In design 'mkdut', port 'putInpVal_ma_in[27]' is not connected to any nets. (LINT-28)
Warning: In design 'mkdut', port 'putInpVal_ma_in[26]' is not connected to any nets. (LINT-28)
Warning: In design 'mkdut', port 'putInpVal_ma_in[25]' is not connected to any nets. (LINT-28)
Warning: In design 'mkdut', port 'putInpVal_ma_in[24]' is not connected to any nets. (LINT-28)
Warning: In design 'mkdut', port 'putInpVal_ma_in[23]' is not connected to any nets. (LINT-28)
Warning: In design 'mkdut', port 'putInpVal_ma_in[22]' is not connected to any nets. (LINT-28)
Warning: In design 'mkdut', port 'putInpVal_ma_in[21]' is not connected to any nets. (LINT-28)
Warning: In design 'mkdut', port 'putInpVal_ma_in[20]' is not connected to any nets. (LINT-28)
Warning: In design 'mkdut', port 'putInpVal_ma_in[19]' is not connected to any nets. (LINT-28)
Warning: In design 'mkdut', port 'putInpVal_ma_in[18]' is not connected to any nets. (LINT-28)
Warning: In design 'mkdut', port 'putInpVal_ma_in[17]' is not connected to any nets. (LINT-28)
Warning: In design 'mkdut', port 'putInpVal_ma_in[16]' is not connected to any nets. (LINT-28)
Warning: In design 'mkdut', port 'putInpVal_ma_in[15]' is not connected to any nets. (LINT-28)
Warning: In design 'mkdut', port 'putInpVal_ma_in[14]' is not connected to any nets. (LINT-28)
Warning: In design 'mkdut', port 'putInpVal_ma_in[13]' is not connected to any nets. (LINT-28)
Warning: In design 'mkdut', port 'putInpVal_ma_in[12]' is not connected to any nets. (LINT-28)
Warning: In design 'mkdut', port 'putInpVal_ma_in[11]' is not connected to any nets. (LINT-28)
Warning: In design 'mkdut', port 'putInpVal_ma_in[10]' is not connected to any nets. (LINT-28)
Warning: In design 'mkdut', port 'putInpVal_ma_in[9]' is not connected to any nets. (LINT-28)
Warning: In design 'mkdut', port 'putInitial_ma_n[31]' is not connected to any nets. (LINT-28)
Warning: In design 'mkdut', port 'putInitial_ma_n[30]' is not connected to any nets. (LINT-28)
Warning: In design 'mkdut', port 'putInitial_ma_n[29]' is not connected to any nets. (LINT-28)
Warning: In design 'mkdut', port 'putInitial_ma_n[28]' is not connected to any nets. (LINT-28)
Warning: In design 'mkdut', port 'putInitial_ma_n[27]' is not connected to any nets. (LINT-28)
Warning: In design 'mkdut', port 'putInitial_ma_n[26]' is not connected to any nets. (LINT-28)
Warning: In design 'mkdut', port 'putInitial_ma_n[25]' is not connected to any nets. (LINT-28)
Warning: In design 'mkdut', port 'putInitial_ma_n[24]' is not connected to any nets. (LINT-28)
Warning: In design 'mkdut', port 'putInitial_ma_n[23]' is not connected to any nets. (LINT-28)
Warning: In design 'mkdut', port 'putInitial_ma_n[22]' is not connected to any nets. (LINT-28)
Warning: In design 'mkdut', port 'putInitial_ma_n[21]' is not connected to any nets. (LINT-28)
Warning: In design 'mkdut', port 'putInitial_ma_n[20]' is not connected to any nets. (LINT-28)
Warning: In design 'mkdut', port 'putInitial_ma_n[19]' is not connected to any nets. (LINT-28)
Warning: In design 'mkdut', port 'putInitial_ma_n[18]' is not connected to any nets. (LINT-28)
Warning: In design 'mkdut', port 'putInitial_ma_n[17]' is not connected to any nets. (LINT-28)
Warning: In design 'mkdut', port 'putInitial_ma_n[16]' is not connected to any nets. (LINT-28)
Warning: In design 'mkdut', port 'putInitial_ma_n[15]' is not connected to any nets. (LINT-28)
Warning: In design 'mkdut', port 'putInitial_ma_n[14]' is not connected to any nets. (LINT-28)
Warning: In design 'mkdut', port 'putInitial_ma_n[13]' is not connected to any nets. (LINT-28)
Warning: In design 'mkdut', port 'putInitial_ma_n[12]' is not connected to any nets. (LINT-28)
Warning: In design 'mkdut', port 'putInitial_ma_n[11]' is not connected to any nets. (LINT-28)
Warning: In design 'mkdut', port 'putInitial_ma_n[10]' is not connected to any nets. (LINT-28)
Warning: In design 'mkdut', port 'putInitial_ma_n[9]' is not connected to any nets. (LINT-28)
Warning: In design 'mkdut', port 'putInitial_ma_n[8]' is not connected to any nets. (LINT-28)
Warning: In design 'mkdut', port 'putInitial_ma_n[7]' is not connected to any nets. (LINT-28)
Warning: In design 'mkdut', port 'putInitial_ma_n[6]' is not connected to any nets. (LINT-28)
Warning: In design 'mkdut', port 'putInitial_ma_n[5]' is not connected to any nets. (LINT-28)
Warning: In design 'mkdut', port 'putInitial_ma_m[31]' is not connected to any nets. (LINT-28)
Warning: In design 'mkdut', port 'putInitial_ma_m[30]' is not connected to any nets. (LINT-28)
Warning: In design 'mkdut', port 'putInitial_ma_m[29]' is not connected to any nets. (LINT-28)
Warning: In design 'mkdut', port 'putInitial_ma_m[28]' is not connected to any nets. (LINT-28)
Warning: In design 'mkdut', port 'putInitial_ma_m[27]' is not connected to any nets. (LINT-28)
Warning: In design 'mkdut', port 'putInitial_ma_m[26]' is not connected to any nets. (LINT-28)
Warning: In design 'mkdut', port 'putInitial_ma_m[25]' is not connected to any nets. (LINT-28)
Warning: In design 'mkdut', port 'putInitial_ma_m[24]' is not connected to any nets. (LINT-28)
Warning: In design 'mkdut', port 'putInitial_ma_m[23]' is not connected to any nets. (LINT-28)
Warning: In design 'mkdut', port 'putInitial_ma_m[22]' is not connected to any nets. (LINT-28)
Warning: In design 'mkdut', port 'putInitial_ma_m[21]' is not connected to any nets. (LINT-28)
Warning: In design 'mkdut', port 'putInitial_ma_m[20]' is not connected to any nets. (LINT-28)
Warning: In design 'mkdut', port 'putInitial_ma_m[19]' is not connected to any nets. (LINT-28)
Warning: In design 'mkdut', port 'putInitial_ma_m[18]' is not connected to any nets. (LINT-28)
Warning: In design 'mkdut', port 'putInitial_ma_m[17]' is not connected to any nets. (LINT-28)
Warning: In design 'mkdut', port 'putInitial_ma_m[16]' is not connected to any nets. (LINT-28)
Warning: In design 'mkdut', port 'putInitial_ma_m[15]' is not connected to any nets. (LINT-28)
Warning: In design 'mkdut', port 'putInitial_ma_m[14]' is not connected to any nets. (LINT-28)
Warning: In design 'mkdut', port 'putInitial_ma_m[13]' is not connected to any nets. (LINT-28)
Warning: In design 'mkdut', port 'putInitial_ma_m[12]' is not connected to any nets. (LINT-28)
Warning: In design 'mkdut', port 'putInitial_ma_m[11]' is not connected to any nets. (LINT-28)
Warning: In design 'mkdut', port 'putInitial_ma_m[10]' is not connected to any nets. (LINT-28)
Warning: In design 'mkdut', port 'putInitial_ma_m[9]' is not connected to any nets. (LINT-28)
Warning: In design 'mkdut', port 'putInitial_ma_m[8]' is not connected to any nets. (LINT-28)
Warning: In design 'mkdut', port 'putInitial_ma_m[7]' is not connected to any nets. (LINT-28)
Warning: In design 'mkdut', port 'putInitial_ma_m[6]' is not connected to any nets. (LINT-28)
Warning: In design 'mkdut', port 'putInitial_ma_m[5]' is not connected to any nets. (LINT-28)
Warning: In design 'mkdut', port 'putInitial_ma_m[4]' is not connected to any nets. (LINT-28)
Warning: In design 'mkdut', port 'putInitial_ma_m[3]' is not connected to any nets. (LINT-28)
Warning: In design 'mkdut', port 'putInitial_ma_m[2]' is not connected to any nets. (LINT-28)
Warning: In design 'mkdut', port 'putInitial_ma_m[1]' is not connected to any nets. (LINT-28)
Warning: In design 'mkdut', port 'putInitial_ma_m[0]' is not connected to any nets. (LINT-28)
Warning: In design 'mkFPadder32', port 'put_b[31]' is not connected to any nets. (LINT-28)
Warning: In design 'FIFO2_00000009_1', port 'CLR' is not connected to any nets. (LINT-28)
Warning: In design 'FIFO2_00000004_1', port 'CLR' is not connected to any nets. (LINT-28)
Warning: In design 'FIFO2_00000044_1', port 'D_IN[32]' is not connected to any nets. (LINT-28)
Warning: In design 'FIFO2_00000044_1', port 'D_OUT[32]' is not connected to any nets. (LINT-28)
Warning: In design 'FIFO2_00000044_1', port 'CLR' is not connected to any nets. (LINT-28)
Warning: In design 'FIFO2_00000024_1', port 'CLR' is not connected to any nets. (LINT-28)
Warning: In design 'FIFO2_00000026_1_1', port 'CLR' is not connected to any nets. (LINT-28)
Warning: In design 'FIFO2_00000017_1', port 'CLR' is not connected to any nets. (LINT-28)
Warning: In design 'FIFO2_00000016_1', port 'CLR' is not connected to any nets. (LINT-28)
Warning: In design 'FIFO2_00000026_1_0', port 'CLR' is not connected to any nets. (LINT-28)
Warning: In design 'mkdut', output port 'traceWrite_mav[19]' is connected directly to output port 'getBackTrack_mv[14]'. (LINT-31)
Warning: In design 'mkdut', output port 'traceWrite_mav[18]' is connected directly to output port 'getBackTrack_mv[13]'. (LINT-31)
Warning: In design 'mkdut', output port 'traceWrite_mav[17]' is connected directly to output port 'getBackTrack_mv[12]'. (LINT-31)
Warning: In design 'mkdut', output port 'traceWrite_mav[16]' is connected directly to output port 'getBackTrack_mv[11]'. (LINT-31)
Warning: In design 'mkdut', output port 'traceWrite_mav[15]' is connected directly to output port 'getBackTrack_mv[10]'. (LINT-31)
Warning: In design 'mkdut', output port 'traceWrite_mav[14]' is connected directly to output port 'getBackTrack_mv[9]'. (LINT-31)
Warning: In design 'mkdut', output port 'traceWrite_mav[13]' is connected directly to output port 'getBackTrack_mv[8]'. (LINT-31)
Warning: In design 'mkdut', output port 'traceWrite_mav[12]' is connected directly to output port 'getBackTrack_mv[7]'. (LINT-31)
Warning: In design 'mkdut', output port 'traceWrite_mav[11]' is connected directly to output port 'getBackTrack_mv[6]'. (LINT-31)
Warning: In design 'mkdut', output port 'traceWrite_mav[10]' is connected directly to output port 'getBackTrack_mv[5]'. (LINT-31)
Warning: In design 'mkdut', output port 'traceWrite_mav[9]' is connected directly to output port 'outputPrint0_mav[0]'. (LINT-31)
Warning: In design 'mkdut', output port 'traceWrite_mav[9]' is connected directly to output port 'outputPrint0_mav[1]'. (LINT-31)
Warning: In design 'mkdut', output port 'traceWrite_mav[9]' is connected directly to output port 'outputPrint0_mav[2]'. (LINT-31)
Warning: In design 'mkdut', output port 'traceWrite_mav[9]' is connected directly to output port 'outputPrint0_mav[3]'. (LINT-31)
Warning: In design 'mkdut', output port 'traceWrite_mav[9]' is connected directly to output port 'outputPrint0_mav[4]'. (LINT-31)
Warning: In design 'mkdut', output port 'traceWrite_mav[9]' is connected directly to output port 'outputPrint0_mav[5]'. (LINT-31)
Warning: In design 'mkdut', output port 'traceWrite_mav[9]' is connected directly to output port 'outputPrint0_mav[6]'. (LINT-31)
Warning: In design 'mkdut', output port 'traceWrite_mav[9]' is connected directly to output port 'outputPrint0_mav[7]'. (LINT-31)
Warning: In design 'mkdut', output port 'traceWrite_mav[9]' is connected directly to output port 'outputPrint0_mav[8]'. (LINT-31)
Warning: In design 'mkdut', output port 'traceWrite_mav[9]' is connected directly to output port 'outputPrint0_mav[9]'. (LINT-31)
Warning: In design 'mkdut', output port 'traceWrite_mav[9]' is connected directly to output port 'outputPrint0_mav[10]'. (LINT-31)
Warning: In design 'mkdut', output port 'traceWrite_mav[9]' is connected directly to output port 'outputPrint0_mav[11]'. (LINT-31)
Warning: In design 'mkdut', output port 'traceWrite_mav[9]' is connected directly to output port 'outputPrint0_mav[12]'. (LINT-31)
Warning: In design 'mkdut', output port 'traceWrite_mav[9]' is connected directly to output port 'outputPrint0_mav[13]'. (LINT-31)
Warning: In design 'mkdut', output port 'traceWrite_mav[9]' is connected directly to output port 'outputPrint0_mav[14]'. (LINT-31)
Warning: In design 'mkdut', output port 'traceWrite_mav[9]' is connected directly to output port 'outputPrint0_mav[15]'. (LINT-31)
Warning: In design 'mkdut', output port 'traceWrite_mav[9]' is connected directly to output port 'outputPrint0_mav[16]'. (LINT-31)
Warning: In design 'mkdut', output port 'traceWrite_mav[9]' is connected directly to output port 'outputPrint0_mav[17]'. (LINT-31)
Warning: In design 'mkdut', output port 'traceWrite_mav[9]' is connected directly to output port 'outputPrint0_mav[18]'. (LINT-31)
Warning: In design 'mkdut', output port 'traceWrite_mav[9]' is connected directly to output port 'outputPrint0_mav[19]'. (LINT-31)
Warning: In design 'mkdut', output port 'traceWrite_mav[9]' is connected directly to output port 'outputPrint0_mav[20]'. (LINT-31)
Warning: In design 'mkdut', output port 'traceWrite_mav[9]' is connected directly to output port 'outputPrint0_mav[21]'. (LINT-31)
Warning: In design 'mkdut', output port 'traceWrite_mav[9]' is connected directly to output port 'outputPrint0_mav[22]'. (LINT-31)
Warning: In design 'mkdut', output port 'traceWrite_mav[9]' is connected directly to output port 'outputPrint0_mav[23]'. (LINT-31)
Warning: In design 'mkdut', output port 'traceWrite_mav[9]' is connected directly to output port 'outputPrint0_mav[24]'. (LINT-31)
Warning: In design 'mkdut', output port 'traceWrite_mav[9]' is connected directly to output port 'outputPrint0_mav[25]'. (LINT-31)
Warning: In design 'mkdut', output port 'traceWrite_mav[9]' is connected directly to output port 'outputPrint0_mav[26]'. (LINT-31)
Warning: In design 'mkdut', output port 'traceWrite_mav[9]' is connected directly to output port 'outputPrint0_mav[27]'. (LINT-31)
Warning: In design 'mkdut', output port 'traceWrite_mav[9]' is connected directly to output port 'outputPrint0_mav[28]'. (LINT-31)
Warning: In design 'mkdut', output port 'traceWrite_mav[9]' is connected directly to output port 'outputPrint0_mav[29]'. (LINT-31)
Warning: In design 'mkdut', output port 'traceWrite_mav[9]' is connected directly to output port 'outputPrint0_mav[30]'. (LINT-31)
Warning: In design 'mkdut', output port 'traceWrite_mav[9]' is connected directly to output port 'outputPrint0_mav[31]'. (LINT-31)
Warning: In design 'mkdut', output port 'traceWrite_mav[9]' is connected directly to output port 'traceWrite_mav[6]'. (LINT-31)
Warning: In design 'mkdut', output port 'traceWrite_mav[9]' is connected directly to output port 'traceWrite_mav[7]'. (LINT-31)
Warning: In design 'mkdut', output port 'traceWrite_mav[9]' is connected directly to output port 'traceWrite_mav[8]'. (LINT-31)
Warning: In design 'mkdut', output port 'traceWrite_mav[5]' is connected directly to output port 'RDY_putBackTrack_ma'. (LINT-31)
Warning: In design 'mkdut', a pin on submodule 'fpadder' is connected to logic 1 or logic 0. (LINT-32)
   Pin 'put_b[31]' is connected to logic 0. 
Warning: In design 'mkdut', a pin on submodule 'inp_F' is connected to logic 1 or logic 0. (LINT-32)
   Pin 'CLR' is connected to logic 0. 
Warning: In design 'mkdut', a pin on submodule 'metadata_fifo' is connected to logic 1 or logic 0. (LINT-32)
   Pin 'CLR' is connected to logic 0. 
Warning: In design 'mkdut', a pin on submodule 'preAdd_F' is connected to logic 1 or logic 0. (LINT-32)
   Pin 'D_IN[32]' is connected to logic 0. 
Warning: In design 'mkdut', a pin on submodule 'preAdd_F' is connected to logic 1 or logic 0. (LINT-32)
   Pin 'CLR' is connected to logic 0. 
Warning: In design 'mkdut', a pin on submodule 'preCom_F' is connected to logic 1 or logic 0. (LINT-32)
   Pin 'CLR' is connected to logic 0. 
Warning: In design 'mkdut', a pin on submodule 'preMax_F' is connected to logic 1 or logic 0. (LINT-32)
   Pin 'CLR' is connected to logic 0. 
Warning: In design 'mkdut', a pin on submodule 'preMem_F' is connected to logic 1 or logic 0. (LINT-32)
   Pin 'CLR' is connected to logic 0. 
Warning: In design 'mkdut', a pin on submodule 'preTrace_F' is connected to logic 1 or logic 0. (LINT-32)
   Pin 'CLR' is connected to logic 0. 
Warning: In design 'mkFPadder32', a pin on submodule 's1_to_s2_fifo' is connected to logic 1 or logic 0. (LINT-32)
   Pin 'CLR' is connected to logic 0. 
Warning: In design 'mkdut', the same net is connected to more than one pin on submodule 'preAdd_F'. (LINT-33)
   Net 'traceWrite_mav[9]' is connected to pins 'D_IN[32]', 'CLR''.
Warning: In design 'mkdut', output port 'traceWrite_mav[9]' is connected directly to 'logic 0'. (LINT-52)
Warning: In design 'mkdut', output port 'traceWrite_mav[8]' is connected directly to 'logic 0'. (LINT-52)
Warning: In design 'mkdut', output port 'traceWrite_mav[7]' is connected directly to 'logic 0'. (LINT-52)
Warning: In design 'mkdut', output port 'traceWrite_mav[6]' is connected directly to 'logic 0'. (LINT-52)
Warning: In design 'mkdut', output port 'traceWrite_mav[5]' is connected directly to 'logic 1'. (LINT-52)
Warning: In design 'mkdut', output port 'RDY_putBackTrack_ma' is connected directly to 'logic 1'. (LINT-52)
Warning: In design 'mkdut', output port 'outputPrint0_mav[31]' is connected directly to 'logic 0'. (LINT-52)
Warning: In design 'mkdut', output port 'outputPrint0_mav[30]' is connected directly to 'logic 0'. (LINT-52)
Warning: In design 'mkdut', output port 'outputPrint0_mav[29]' is connected directly to 'logic 0'. (LINT-52)
Warning: In design 'mkdut', output port 'outputPrint0_mav[28]' is connected directly to 'logic 0'. (LINT-52)
Warning: In design 'mkdut', output port 'outputPrint0_mav[27]' is connected directly to 'logic 0'. (LINT-52)
Warning: In design 'mkdut', output port 'outputPrint0_mav[26]' is connected directly to 'logic 0'. (LINT-52)
Warning: In design 'mkdut', output port 'outputPrint0_mav[25]' is connected directly to 'logic 0'. (LINT-52)
Warning: In design 'mkdut', output port 'outputPrint0_mav[24]' is connected directly to 'logic 0'. (LINT-52)
Warning: In design 'mkdut', output port 'outputPrint0_mav[23]' is connected directly to 'logic 0'. (LINT-52)
Warning: In design 'mkdut', output port 'outputPrint0_mav[22]' is connected directly to 'logic 0'. (LINT-52)
Warning: In design 'mkdut', output port 'outputPrint0_mav[21]' is connected directly to 'logic 0'. (LINT-52)
Warning: In design 'mkdut', output port 'outputPrint0_mav[20]' is connected directly to 'logic 0'. (LINT-52)
Warning: In design 'mkdut', output port 'outputPrint0_mav[19]' is connected directly to 'logic 0'. (LINT-52)
Warning: In design 'mkdut', output port 'outputPrint0_mav[18]' is connected directly to 'logic 0'. (LINT-52)
Warning: In design 'mkdut', output port 'outputPrint0_mav[17]' is connected directly to 'logic 0'. (LINT-52)
Warning: In design 'mkdut', output port 'outputPrint0_mav[16]' is connected directly to 'logic 0'. (LINT-52)
Warning: In design 'mkdut', output port 'outputPrint0_mav[15]' is connected directly to 'logic 0'. (LINT-52)
Warning: In design 'mkdut', output port 'outputPrint0_mav[14]' is connected directly to 'logic 0'. (LINT-52)
Warning: In design 'mkdut', output port 'outputPrint0_mav[13]' is connected directly to 'logic 0'. (LINT-52)
Warning: In design 'mkdut', output port 'outputPrint0_mav[12]' is connected directly to 'logic 0'. (LINT-52)
Warning: In design 'mkdut', output port 'outputPrint0_mav[11]' is connected directly to 'logic 0'. (LINT-52)
Warning: In design 'mkdut', output port 'outputPrint0_mav[10]' is connected directly to 'logic 0'. (LINT-52)
Warning: In design 'mkdut', output port 'outputPrint0_mav[9]' is connected directly to 'logic 0'. (LINT-52)
Warning: In design 'mkdut', output port 'outputPrint0_mav[8]' is connected directly to 'logic 0'. (LINT-52)
Warning: In design 'mkdut', output port 'outputPrint0_mav[7]' is connected directly to 'logic 0'. (LINT-52)
Warning: In design 'mkdut', output port 'outputPrint0_mav[6]' is connected directly to 'logic 0'. (LINT-52)
Warning: In design 'mkdut', output port 'outputPrint0_mav[5]' is connected directly to 'logic 0'. (LINT-52)
Warning: In design 'mkdut', output port 'outputPrint0_mav[4]' is connected directly to 'logic 0'. (LINT-52)
Warning: In design 'mkdut', output port 'outputPrint0_mav[3]' is connected directly to 'logic 0'. (LINT-52)
Warning: In design 'mkdut', output port 'outputPrint0_mav[2]' is connected directly to 'logic 0'. (LINT-52)
Warning: In design 'mkdut', output port 'outputPrint0_mav[1]' is connected directly to 'logic 0'. (LINT-52)
Warning: In design 'mkdut', output port 'outputPrint0_mav[0]' is connected directly to 'logic 0'. (LINT-52)
1
